1 passed Erdos25.erdos_25 formalized 
2 passed Erdos25.erdos_25 counterexample 
3 passed Erdos30.erdos_30 formalized 
4 passed Erdos30.erdos_30 counterexample 
5 passed Erdos52.erdos_52 formalized 
6 passed Erdos52.erdos_52 counterexample 
7 passed Erdos61.erdos_61 formalized 
8 passed Erdos61.erdos_61 counterexample 
9 passed Erdos91.erdos_91 formalized 
10 passed Erdos91.erdos_91 counterexample 
11 passed Erdos98.erdos_98 formalized 
12 passed Erdos98.erdos_98 counterexample 
13 passed Erdos124.erdos124.ne_zero formalized 
14 passed Erdos124.erdos124.ne_zero counterexample 
15 passed Erdos138.erdos_138 formalized 
16 passed Erdos138.erdos_138 counterexample 
17 passed Erdos168.erdos_168.parts.ii formalized 
18 passed Erdos168.erdos_168.parts.ii counterexample 
19 passed Erdos234.erdos_234 formalized 
20 passed Erdos234.erdos_234 counterexample 
21 passed Erdos287.erdos_287 formalized 
22 passed Erdos287.erdos_287 counterexample 
23 passed Erdos304.upper_bound formalized 
24 passed Erdos304.upper_bound counterexample 
25 passed Erdos307.erdos_307 formalized 
26 passed Erdos307.erdos_307 counterexample 
27 passed Erdos317.erdos_317.variants.claim2 formalized 
28 passed Erdos317.erdos_317.variants.claim2 counterexample 
29 passed Erdos400.erdos_400.parts.i formalized 
30 passed Erdos400.erdos_400.parts.i counterexample 
31 passed Erdos410.erdos_410 formalized 
32 passed Erdos410.erdos_410 counterexample 
33 passed Erdos413.erdos_413.parts.i formalized 
34 passed Erdos413.erdos_413.parts.i counterexample 
35 passed Erdos495.erdos_495 formalized 
36 passed Erdos495.erdos_495 counterexample 
37 passed Erdos14.erdos_14.parts.i formalized 
38 passed Erdos14.erdos_14.parts.i counterexample 
39 passed Erdos647.erdos_647 formalized 
40 passed Erdos647.erdos_647 counterexample 
41 passed Erdos681.erdos_681 formalized 
42 passed Erdos681.erdos_681 counterexample 
43 passed Erdos749.erdos_749 formalized 
44 passed Erdos749.erdos_749 counterexample 
45 passed Green36.green_36.variants.cks05 formalized 
46 passed Green36.green_36.variants.cks05 counterexample 
47 passed Erdos886.erdos_886 formalized 
48 passed Erdos886.erdos_886 counterexample 
49 passed Erdos930.erdos_930 formalized 
50 passed Erdos930.erdos_930 counterexample 
51 passed Erdos933.erdos_933 formalized 
52 passed Erdos933.erdos_933 counterexample 
53 passed Erdos944.erdos_944 formalized 
54 passed Erdos944.erdos_944 counterexample 
55 passed Erdos949.erdos_949 formalized 
56 passed Erdos949.erdos_949 counterexample 
57 passed Erdos962.erdos_962 formalized 
58 passed Erdos962.erdos_962 counterexample 
59 passed Erdos323.erdos_323.parts.ii formalized 
60 passed Erdos323.erdos_323.parts.ii counterexample 
61 passed Erdos979.erdos_979 formalized 
62 passed Erdos979.erdos_979 counterexample 
63 passed Erdos1056.erdos_1056 formalized 
64 passed Erdos1056.erdos_1056 counterexample 
65 passed Erdos1062.erdos_1062.parts.ii formalized 
66 passed Erdos1062.erdos_1062.parts.ii counterexample 
67 passed Erdos1082.erdos_1082.parts.i formalized 
68 passed Erdos1082.erdos_1082.parts.i counterexample 
69 passed Erdos1113.erdos_1113.variants.filaseta_finch_kozek formalized 
70 passed Erdos1113.erdos_1113.variants.filaseta_finch_kozek counterexample 
71 passed Erdos1175.erdos_1175 formalized 
72 passed Erdos1175.erdos_1175 counterexample 
73 passed Erdos291.erdos_291.variants.shiu_heuristic_density_zero formalized 
74 passed Erdos291.erdos_291.variants.shiu_heuristic_density_zero counterexample 
75 passed Erdos686.erdos_686.variants.twenty_five formalized 
76 passed Erdos686.erdos_686.variants.twenty_five counterexample 
77 passed Erdos890.erdos_890.parts.b formalized 
78 passed Erdos890.erdos_890.parts.b counterexample 
79 passed Erdos936.erdos_936.variants.factorial_add_one formalized 
80 passed Erdos936.erdos_936.variants.factorial_add_one counterexample 
81 passed Erdos936.erdos_936.variants.factorial_sub_one formalized 
82 passed Erdos936.erdos_936.variants.factorial_sub_one counterexample 
83 passed Erdos770.erdos_770.parts.i formalized 
84 passed Erdos770.erdos_770.parts.i counterexample 
85 passed Green39.green_39 formalized 
86 passed Green39.green_39 counterexample 
87 passed Green44.green_44 formalized 
88 passed Green44.green_44 counterexample 
89 passed Green47.green_47 formalized 
90 passed Green47.green_47 counterexample 
91 passed Green66.green_66 formalized 
92 passed Green66.green_66 counterexample 
93 passed Erdos323.erdos_323.parts.i formalized 
94 passed Erdos323.erdos_323.parts.i counterexample 
95 passed Erdos1101.erdos_1101.parts.i formalized 
96 passed Erdos1101.erdos_1101.parts.i counterexample 
97 passed Erdos950.erdos_950.parts.iii formalized 
98 passed Erdos950.erdos_950.parts.iii counterexample 
99 passed Erdos10.erdos_10 formalized 
100 passed Erdos10.erdos_10 counterexample 
101 passed Erdos18.erdos_18b formalized 
102 passed Erdos18.erdos_18b counterexample 
103 passed Erdos128.erdos_128 formalized 
104 passed Erdos128.erdos_128 counterexample 
105 passed Erdos263.erdos_263.parts.i formalized 
106 passed Erdos263.erdos_263.parts.i counterexample 
107 passed Erdos828.erdos_828 formalized 
108 passed Erdos828.erdos_828 counterexample 
109 passed Erdos386.erdos_386.variants.two formalized 
110 passed Erdos386.erdos_386.variants.two counterexample 
111 passed Erdos366.erdos_366 formalized 
112 passed Erdos366.erdos_366 counterexample 
